<html>
<body>
<pre>
<h1>µVision Build Log</h1>
<h2>Tool Versions:</h2>
IDE-Version: µVision V5.13.0.0
Copyright (C) 2014 ARM Ltd and ARM Germany GmbH. All rights reserved.
License Information: Phan Thanh Hùng Microsoft, Microsoft, LIC=9N0Z9-4XA46-WI45K-ZW2DC-HEEBU-JYH4E
 
Tool Versions:
Toolchain:       MDK-ARM Professional  Version: 5.13.0.0
Toolchain Path:  C:\Keil_v5\ARM\ARMCC\Bin
C Compiler:      Armcc.exe V5.05 update 1 (build 106)
Assembler:       Armasm.exe V5.05 update 1 (build 106)
Linker/Locator:  ArmLink.exe V5.05 update 1 (build 106)
Library Manager: ArmAr.exe V5.05 update 1 (build 106)
Hex Converter:   FromElf.exe V5.05 update 1 (build 106)
CPU DLL:         SARMCM3.DLL V5.13.0.0
Dialog DLL:      DCM.DLL V1.13.1.0
Target DLL:      Segger\JL2CM3.dll V2.99.11.0
Dialog DLL:      TCM.DLL V1.14.4.0
 
<h2>Project:</h2>
D:\TuHocMoiThu\TaiLieuStm32f407Discovery\BAITAP\SENSOR\MDK-ARM\GPIO.uvprojx
Project File Date:  01/29/2019

<h2>Output:</h2>
Build target 'GPIO'
compiling main.c...
compiling delay_using_systick.c...
compiling pwm_output.c...
linking...
Program Size: Code=3484 RO-data=424 RW-data=20 ZI-data=1028  
FromELF: creating hex file...
".\Objects\GPIO.axf" - 0 Error(s), 0 Warning(s).

<h2>Collection of Component include folders:</h2>
  D:\TuHocMoiThu\TaiLieuStm32f407Discovery\BAITAP\SENSOR\MDK-ARM\RTE
  C:\Keil_v5\ARM\PACK\Keil\STM32F4xx_DFP\2.11.0

<h2>Collection of Component Files used:</h2>
</pre>
</body>
</html>
